EN bitsender NULL C:/codes/ledmatrix_vhdl/bitSender.vhd sub00/vhpl00 1712781339
AR rgbtoled behavioral C:/codes/ledmatrix_vhdl/RGBtoLED.vhd sub00/vhpl03 1712762313
AR bitsender behavioral C:/codes/ledmatrix_vhdl/bitSender.vhd sub00/vhpl01 1712780740
EN rgbtoled NULL C:/codes/ledmatrix_vhdl/RGBtoLED.vhd sub00/vhpl02 1712762312
